23:05:25 **** Incremental Build of configuration Debug for project Exercise ****
make -j20 all 
arm-none-eabi-gcc "../Core/Src/main.c" -mcpu=cortex-m3 -std=gnu11 -g3 -DDEBUG -DUSE_HAL_DRIVER -DSTM32F103x6 -c -I../Core/Inc -I../Drivers/STM32F1xx_HAL_Driver/Inc -I../Drivers/STM32F1xx_HAL_Driver/Inc/Legacy -I../Drivers/CMSIS/Device/ST/STM32F1xx/Include -I../Drivers/CMSIS/Include -O0 -ffunction-sections -fdata-sections -Wall -fstack-usage -MMD -MP -MF"Core/Src/main.d" -MT"Core/Src/main.o" --specs=nano.specs -mfloat-abi=soft -mthumb -o "Core/Src/main.o"
../Core/Src/main.c: In function 'toUpperCase':
../Core/Src/main.c:60:16: warning: implicit declaration of function 'toupper' [-Wimplicit-function-declaration]
   60 |         *str = toupper((unsigned char)*str); // Chuyển ký tự thành chữ hoa
      |                ^~~~~~~
../Core/Src/main.c: In function 'main':
../Core/Src/main.c:108:16: warning: passing argument 1 of 'toUpperCase' discards 'const' qualifier from pointer target type [-Wdiscarded-qualifiers]
  108 |    toUpperCase(Chuoi);
      |                ^~~~~
../Core/Src/main.c:58:24: note: expected 'char *' but argument is of type 'const char *'
   58 | void toUpperCase(char *str) {
      |                  ~~~~~~^~~
../Core/Src/main.c:109:17: warning: implicit declaration of function 'strlen' [-Wimplicit-function-declaration]
  109 |    int length = strlen(Chuoi);
      |                 ^~~~~~
../Core/Src/main.c:109:17: warning: incompatible implicit declaration of built-in function 'strlen'
../Core/Src/main.c:25:1: note: include '<string.h>' or provide a declaration of 'strlen'
   24 | #include "Component.h"
  +++ |+#include <string.h>
   25 | /* USER CODE END Includes */
../Core/Src/main.c: In function 'HAL_TIM_PeriodElapsedCallback':
../Core/Src/main.c:266:2: warning: implicit declaration of function 'timerRun' [-Wimplicit-function-declaration]
  266 |  timerRun ();
      |  ^~~~~~~~
arm-none-eabi-gcc -o "Exercise.elf" @"objects.list"   -mcpu=cortex-m3 -T"D:\VXL_2\Exercise\STM32F103C6UX_FLASH.ld" --specs=nosys.specs -Wl,-Map="Exercise.map" -Wl,--gc-sections -static --specs=nano.specs -mfloat-abi=soft -mthumb -Wl,--start-group -lc -lm -Wl,--end-group
Finished building target: Exercise.elf
 
arm-none-eabi-size   Exercise.elf 
arm-none-eabi-objdump -h -S  Exercise.elf  > "Exercise.list"
arm-none-eabi-objcopy  -O ihex  Exercise.elf  "Exercise.hex"
   text	   data	    bss	    dec	    hex	filename
   9212	    408	   1688	  11308	   2c2c	Exercise.elf
arm-none-eabi-objcopy  -O binary  Exercise.elf  "Exercise.bin"
Finished building: default.size.stdout
 
Finished building: Exercise.hex
 
Finished building: Exercise.bin
Finished building: Exercise.list
 
 

23:05:26 Build Finished. 0 errors, 5 warnings. (took 435ms)

